## 7 x 9
1.000 0.000
1.500 0.000
2.000 0.000
NaN NaN
NaN NaN
NaN NaN
NaN NaN
1.000 0.500
1.500 0.500
2.000 0.500
NaN NaN
NaN NaN
NaN NaN
NaN NaN
1.000 1.000
1.500 1.000
2.000 1.000
2.500 1.000
3.000 1.000
3.500 1.000
4.000 1.000
1.000 1.500
1.500 1.500
2.000 1.500
2.500 1.500
3.000 1.500
3.500 1.500
4.000 1.500
1.000 2.000
1.500 2.000
2.000 2.000
2.500 2.000
3.000 2.000
3.500 2.000
4.000 2.000
1.000 2.500
1.500 2.500
2.000 2.500
NaN NaN
NaN NaN
NaN NaN
NaN NaN
1.000 3.000
1.500 3.000
2.000 3.000
NaN NaN
NaN NaN
NaN NaN
NaN NaN
1.000 3.500
1.500 3.500
2.000 3.500
NaN NaN
NaN NaN
NaN NaN
NaN NaN
1.000 4.000
1.500 4.000
2.000 4.000
NaN NaN
NaN NaN
NaN NaN
NaN NaN
